> Task :app:preBuild UP-TO-DATE
> Task :app:preDebugBuild UP-TO-DATE
> Task :app:checkDebugAarMetadata UP-TO-DATE
> Task :app:generateDebugResValues UP-TO-DATE
> Task :app:mapDebugSourceSetPaths UP-TO-DATE
> Task :app:generateDebugResources UP-TO-DATE
> Task :app:mergeDebugResources UP-TO-DATE
> Task :app:packageDebugResources UP-TO-DATE
> Task :app:parseDebugLocalResources UP-TO-DATE
> Task :app:createDebugCompatibleScreenManifests UP-TO-DATE
> Task :app:extractDeepLinksDebug UP-TO-DATE
> Task :app:processDebugMainManifest UP-TO-DATE
> Task :app:processDebugManifest UP-TO-DATE
> Task :app:processDebugManifestForPackage UP-TO-DATE
> Task :app:processDebugResources UP-TO-DATE

> Task :app:compileDebugKotlin FAILED
e: file:///Users/yo/Clases%20y%20proyectos/outsourcing/Android/app/src/main/java/com/fixit/androidfront/MainActivity.kt:25:21 Unresolved reference: Box
e: file:///Users/yo/Clases%20y%20proyectos/outsourcing/Android/app/src/main/java/com/fixit/androidfront/MainActivity.kt:26:25 @Composable invocations can only happen from the context of a @Composable function
e: file:///Users/yo/Clases%20y%20proyectos/outsourcing/Android/app/src/main/java/com/fixit/androidfront/ui/screens/CategoryScreen.kt:18:34 Unresolved reference: components
e: file:///Users/yo/Clases%20y%20proyectos/outsourcing/Android/app/src/main/java/com/fixit/androidfront/ui/screens/CategoryScreen.kt:64:24 No value passed for parameter 'title'
e: file:///Users/yo/Clases%20y%20proyectos/outsourcing/Android/app/src/main/java/com/fixit/androidfront/ui/screens/CategoryScreen.kt:64:24 No value passed for parameter 'author'
e: file:///Users/yo/Clases%20y%20proyectos/outsourcing/Android/app/src/main/java/com/fixit/androidfront/ui/screens/CategoryScreen.kt:64:24 No value passed for parameter 'rating'
e: file:///Users/yo/Clases%20y%20proyectos/outsourcing/Android/app/src/main/java/com/fixit/androidfront/ui/screens/ProfileScreen.kt:13:1 Expecting a top level declaration
e: file:///Users/yo/Clases%20y%20proyectos/outsourcing/Android/app/src/main/java/com/fixit/androidfront/ui/screens/ProfileScreen.kt:13:9 Expecting a top level declaration
e: file:///Users/yo/Clases%20y%20proyectos/outsourcing/Android/app/src/main/java/com/fixit/androidfront/ui/screens/ProfileScreen.kt:13:17 Expecting a top level declaration
e: file:///Users/yo/Clases%20y%20proyectos/outsourcing/Android/app/src/main/java/com/fixit/androidfront/ui/screens/ProfileScreen.kt:13:18 Expecting a top level declaration
e: file:///Users/yo/Clases%20y%20proyectos/outsourcing/Android/app/src/main/java/com/fixit/androidfront/ui/screens/ProfileScreen.kt:13:25 Expecting a top level declaration
e: file:///Users/yo/Clases%20y%20proyectos/outsourcing/Android/app/src/main/java/com/fixit/androidfront/ui/screens/ProfileScreen.kt:13:26 Expecting a top level declaration
e: file:///Users/yo/Clases%20y%20proyectos/outsourcing/Android/app/src/main/java/com/fixit/androidfront/ui/screens/ProfileScreen.kt:13:34 Expecting a top level declaration
e: file:///Users/yo/Clases%20y%20proyectos/outsourcing/Android/app/src/main/java/com/fixit/androidfront/ui/screens/ProfileScreen.kt:13:35 Expecting a top level declaration
e: file:///Users/yo/Clases%20y%20proyectos/outsourcing/Android/app/src/main/java/com/fixit/androidfront/ui/screens/ProfileScreen.kt:13:40 Expecting a top level declaration
e: file:///Users/yo/Clases%20y%20proyectos/outsourcing/Android/app/src/main/java/com/fixit/androidfront/ui/screens/ProfileScreen.kt:13:41 Expecting a top level declaration
e: file:///Users/yo/Clases%20y%20proyectos/outsourcing/Android/app/src/main/java/com/fixit/androidfront/ui/screens/ProfileScreen.kt:13:47 Expecting a top level declaration
e: file:///Users/yo/Clases%20y%20proyectos/outsourcing/Android/app/src/main/java/com/fixit/androidfront/ui/screens/ProfileScreen.kt:13:48 Expecting a top level declaration
e: file:///Users/yo/Clases%20y%20proyectos/outsourcing/Android/app/src/main/java/com/fixit/androidfront/ui/screens/ProfileScreen.kt:13:54 imports are only allowed in the beginning of file
e: file:///Users/yo/Clases%20y%20proyectos/outsourcing/Android/app/src/main/java/com/fixit/androidfront/ui/screens/ProfileScreen.kt:96:48 Unresolved reference: Person

FAILURE: Build failed with an exception.

* What went wrong:
Execution failed for task ':app:compileDebugKotlin'.
> A failure occurred while executing org.jetbrains.kotlin.compilerRunner.GradleCompilerRunnerWithWorkers$GradleKotlinCompilerWorkAction
   > Compilation error. See log for more details

* Try:
> Run with --stacktrace option to get the stack trace.
> Run with --info or --debug option to get more log output.
> Run with --scan to get full insights.
> Get more help at https://help.gradle.org.

Deprecated Gradle features were used in this build, making it incompatible with Gradle 9.0.

You can use '--warning-mode all' to show the individual deprecation warnings and determine if they come from your own scripts or plugins.

For more on this, please refer to https://docs.gradle.org/8.7/userguide/command_line_interface.html#sec:command_line_warnings in the Gradle documentation.

BUILD FAILED in 3s
14 actionable tasks: 1 executed, 13 up-to-date
